[M11] Preflight lingkungan dan artefak M0-M10
[OK] git -> /usr/bin/git
[OK] make -> /usr/bin/make
[OK] clang -> /usr/bin/clang
[OK] nm -> /usr/bin/nm
[OK] readelf -> /usr/bin/readelf
[OK] objdump -> /usr/bin/objdump
[OK] sha256sum -> /usr/bin/sha256sum
Ubuntu clang version 14.0.0-1ubuntu1.1
Target: x86_64-pc-linux-gnu
Thread model: posix
GNU Make 4.3
[OK] direktori kernel tersedia
[OK] direktori kernel/arch tersedia
[OK] direktori kernel/include tersedia
[OK] direktori scripts tersedia
[OK] direktori tests tersedia
[OK] marker ditemukan: kmain
[OK] marker ditemukan: panic
[OK] marker ditemukan: idt
[WARN] marker belum ditemukan: pmm
[OK] marker ditemukan: vmm
[OK] marker ditemukan: kmem
[OK] marker ditemukan: thread
[OK] marker ditemukan: syscall
[OK] commit: 0ec388a
?? scripts/m11_preflight.sh
